error: file not found: ListExamples.java
Usage: javac <options> <source files>
use --help for a list of possible options
